db ok
[ { journal_mode: 'delete' } ]
